**********************
Windows PowerShell transcript start
Start time: 20260829181859
Username: DESKTOP-U6Q1GLO\Jordan
RunAs User: DESKTOP-U6Q1GLO\Jordan
Configuration Name: 
Machine: DESKTOP-U6Q1GLO (Microsoft Windows NT 10.0.26200.0)
Host Application: C:\Windows\System32\WindowsPowerShell\v1.0\powershell.exe
Process ID: 9800
PSVersion: 5.1.26100.9168
PSEdition: Desktop
PSCompatibleVersions: 1.0, 2.0, 3.0, 4.0, 5.0, 5.1.26100.9168
BuildVersion: 10.0.26100.9168
CLRVersion: 4.0.30319.42000
WSManStackVersion: 3.0
PSRemotingProtocolVersion: 2.3
SerializationVersion: 1.1.0.1
**********************
Transcript started, output file is C:\GamingOptimizationBackup\20260829-181859\GamingOptimization.log

Windows Gaming Optimisation
Backup: C:\GamingOptimizationBackup\20260829-181859

WARNING: A new system restore point cannot be created because one has already been created within the past 1440 minutes. The frequency of restore point creation can be changed by creating the DWORD value 'SystemRestorePointCreationFrequency' under the registry key 'HKLM\Software\Microsoft\Windows NT\CurrentVersion\SystemRestore'. The value of this registry key indicates the necessary time interval (in minutes) between two restore point creation. The default value is 1440 minutes (24 hours).
[1/10] Configuring Windows Update...
[2/10] Configuring Delivery Optimization...
[3/10] Configuring Store servicing...
[4/10] Optimising Defender...
    Scheduled Defender scans: disabled
    Defender real-time protection: retained
    Defender cloud/behaviour protection: retained
    Defender signature updates: retained
[5/10] Configuring Windows gaming features...
[6/10] Disabling Windows consumer background features...
New-ItemProperty : Attempted to perform an unauthorized operation.
At C:\Users\Jordan\Downloads\Optimise.ps1:110 char:5
+     New-ItemProperty `
+     ~~~~~~~~~~~~~~~~~~
    + CategoryInfo          : PermissionDenied: (HKEY_LOCAL_MACH...s\Microsoft\Dsh:String) [New-ItemProperty], 
UnauthorizedAccessException
    + FullyQualifiedErrorId : System.UnauthorizedAccessException,Microsoft.PowerShell.Commands.NewItemPropertyCommand
New-ItemProperty : Attempted to perform an unauthorized operation.
At C:\Users\Jordan\Downloads\Optimise.ps1:110 char:5
+     New-ItemProperty `
+     ~~~~~~~~~~~~~~~~~~
    + CategoryInfo          : PermissionDenied: (HKEY_LOCAL_MACH...s\Microsoft\Dsh:String) [New-ItemProperty], Unautho
   rizedAccessException
    + FullyQualifiedErrorId : System.UnauthorizedAccessException,Microsoft.PowerShell.Commands.NewItemPropertyCommand

[7/10] Disabling Connected User Experiences telemetry service...
[8/10] Disabling Windows Search indexing...
WARNING: File-content/indexed search will be reduced.
WARNING: This does not affect Steam/game operation.
[9/10] Removing unnecessary inbox applications...
    Clipchamp.Clipchamp
    Microsoft.BingNews
    Microsoft.BingWeather
    Microsoft.GetHelp
    Microsoft.Getstarted
    Microsoft.MicrosoftOfficeHub
    Microsoft.MicrosoftSolitaireCollection
    Microsoft.People
    Microsoft.PowerAutomateDesktop
    Microsoft.WindowsFeedbackHub
    Microsoft.WindowsMaps
    Microsoft.YourPhone
    MicrosoftCorporationII.QuickAssist
    Microsoft.Windows.DevHome
[10/10] Evaluating virtualization-based security...
    Disabling VBS/HVCI/Credential Guard...
WARNING: VBS/HVCI provides meaningful security protection.
WARNING: It has been disabled because this profile is gaming-focused.

Intentionally retained:
  SysMain
  Memory compression
  System-managed page file
  Windows Defender real-time protection
  Defender behaviour monitoring
  Defender cloud protection
  Microsoft Store
  Gaming Services
  Xbox infrastructure
  Windows Update service
  BITS
  Delivery Optimization service
  Windows TRIM / drive optimisation
  Secure Boot

Current Defender configuration:


ScanScheduleDay         : 8
DisableCatchupQuickScan : True
DisableCatchupFullScan  : True
EnableLowCpuPriority    : True
ScanAvgCPULoadFactor    : 20



Update policy:


NoAutoUpdate                  : 1
NoAutoRebootWithLoggedOnUsers : 1



HAGS:


HwSchMode : 2




Optimisation complete.
REBOOT WINDOWS before testing.

Before/after data is stored in:
C:\GamingOptimizationBackup\20260829-181859
**********************
Windows PowerShell transcript end
End time: 20260829181914
**********************
