**********************
Windows PowerShell transcript start
Start time: 20260829183141
Username: DESKTOP-U6Q1GLO\Jordan
RunAs User: DESKTOP-U6Q1GLO\Jordan
Configuration Name: 
Machine: DESKTOP-U6Q1GLO (Microsoft Windows NT 10.0.26200.0)
Host Application: C:\Windows\System32\WindowsPowerShell\v1.0\powershell.exe
Process ID: 12268
PSVersion: 5.1.26100.9168
PSEdition: Desktop
PSCompatibleVersions: 1.0, 2.0, 3.0, 4.0, 5.0, 5.1.26100.9168
BuildVersion: 10.0.26100.9168
CLRVersion: 4.0.30319.42000
WSManStackVersion: 3.0
PSRemotingProtocolVersion: 2.3
SerializationVersion: 1.1.0.1
**********************
Transcript started, output file is C:\GamingOptimizationBackup\20260829-183141-v1.1\GamingOptimization-v1.1.log

Windows Gaming Optimisation v1.1
Backup: C:\GamingOptimizationBackup\20260829-183141-v1.1

[1/12] Capturing pre-change state...
WARNING: A new system restore point cannot be created because one has already been created within the past 1440 minutes. The frequency of restore point creation can be changed by creating the DWORD value 'SystemRestorePointCreationFrequency' under the registry key 'HKLM\Software\Microsoft\Windows NT\CurrentVersion\SystemRestore'. The value of this registry key indicates the necessary time interval (in minutes) between two restore point creation. The default value is 1440 minutes (24 hours).
[2/12] Configuring Windows Update...
[3/12] Configuring Delivery Optimization...
[4/12] Optimising Defender...
[5/12] Configuring gaming features...
[6/12] Removing consumer/background features...
PS>TerminatingError(New-ItemProperty): "The running command stopped because the preference variable "ErrorActionPreference" or common parameter is set to Stop: Attempted to perform an unauthorized operation."
[7/12] Configuring background services...
[8/12] Cleaning startup applications...
[9/12] Optimising Logitech background components...
[10/12] Removing unnecessary AppX packages...
    Clipchamp.Clipchamp
    Microsoft.BingNews
    Microsoft.BingWeather
    Microsoft.GetHelp
    Microsoft.Getstarted
    Microsoft.MicrosoftOfficeHub
    Microsoft.MicrosoftSolitaireCollection
    Microsoft.MicrosoftStickyNotes
    Microsoft.OutlookForWindows
    Microsoft.People
    Microsoft.PowerAutomateDesktop
    Microsoft.Windows.DevHome
    Microsoft.WindowsFeedbackHub
    Microsoft.WindowsMaps
    Microsoft.YourPhone
    MicrosoftCorporationII.QuickAssist
    MSTeams
[11/12] Evaluating virtualization-based security...
[12/12] Verifying applied configuration...

============================================================
Gaming optimisation v1.1 complete
============================================================

Backup and results:
  C:\GamingOptimizationBackup\20260829-183141-v1.1

REBOOT WINDOWS.

After reboot run:

  .\Optimise-v1.1.ps1 -AuditOnly

Upload that AUDIT folder for final verification.

Important:
  Windows Update: manual
  Windows Update drivers: disabled
  Defender scheduled scans: disabled
  Defender real-time protection: retained
  Store updates: retained
  VBS/HVCI: unchanged by default

**********************
Windows PowerShell transcript end
End time: 20260829183155
**********************
